<?xml version="1.0" encoding="UTF-8"?>
<testsuites name="Mocha Tests" time="10.4120" tests="14" failures="1">
  <testsuite name="Root Suite" timestamp="2022-06-30T12:35:47" tests="0" time="0.0000" failures="0">
  </testsuite>
  <testsuite name="Restful Booker API Tests" timestamp="2022-06-30T12:35:47" tests="6" file="C:\Users\THI2201879\OneDrive - Testhouse Limited\Documents\Workspace\js_api\api_bifrost\BiFrost\tests\APIRequests.spec.js" time="7.2530" failures="0">
    <testcase name="Restful Booker API Tests Verify the user is able to create the booking sucessfully" time="1.0440" classname="Verify the user is able to create the booking sucessfully">
    </testcase>
    <testcase name="Restful Booker API Tests Verify the user is able to fetch the booking of the provided booking id" time="0.9590" classname="Verify the user is able to fetch the booking of the provided booking id">
    </testcase>
    <testcase name="Restful Booker API Tests Verify the user is able to update the booking of the provided booking id using Put request" time="0.9690" classname="Verify the user is able to update the booking of the provided booking id using Put request">
    </testcase>
    <testcase name="Restful Booker API Tests Verify the user is able to update the firstname and lastname of booking of the provided booking id" time="1.0430" classname="Verify the user is able to update the firstname and lastname of booking of the provided booking id">
    </testcase>
    <testcase name="Restful Booker API Tests Verify the user is able to  Delete the booking of the provided booking id" time="0.9740" classname="Verify the user is able to  Delete the booking of the provided booking id">
    </testcase>
    <testcase name="Restful Booker API Tests Verify the 404 status code for deleted booking id" time="0.9600" classname="Verify the 404 status code for deleted booking id">
    </testcase>
  </testsuite>
  <testsuite name="Delete API tests using supertest" timestamp="2022-06-30T12:35:54" tests="1" file="C:\Users\THI2201879\OneDrive - Testhouse Limited\Documents\Workspace\js_api\api_bifrost\BiFrost\tests\deleteRequest.spec.js" time="0.4990" failures="0">
    <testcase name="Delete API tests using supertest Verify the delete request is scuessfull" time="0.4990" classname="Verify the delete request is scuessfull">
    </testcase>
  </testsuite>
  <testsuite name="Get API tests using supertest" timestamp="2022-06-30T12:35:55" tests="3" file="C:\Users\THI2201879\OneDrive - Testhouse Limited\Documents\Workspace\js_api\api_bifrost\BiFrost\tests\getRequest.spec.js" time="1.2590" failures="0">
    <testcase name="Get API tests using supertest Verify the user is able to  pass the test for get api with query param sucessfully " time="0.2060" classname="Verify the user is able to  pass the test for get api with query param sucessfully ">
    </testcase>
    <testcase name="Get API tests using supertest Verify the user is able to pass the test for get api without query param  successfully" time="0.1880" classname="Verify the user is able to pass the test for get api without query param  successfully">
    </testcase>
    <testcase name="Get API tests using supertest should successfully pass the test for get api with path param" time="0.8630" classname="should successfully pass the test for get api with path param">
    </testcase>
  </testsuite>
  <testsuite name="Patch API tests using supertest" timestamp="2022-06-30T12:35:56" tests="1" file="C:\Users\THI2201879\OneDrive - Testhouse Limited\Documents\Workspace\js_api\api_bifrost\BiFrost\tests\patchRequest.spec.js" time="0.4740" failures="0">
    <testcase name="Patch API tests using supertest Verify the patch request is scuessfull" time="0.4720" classname="Verify the patch request is scuessfull">
    </testcase>
  </testsuite>
  <testsuite name="Post API tests using supertest" timestamp="2022-06-30T12:35:56" tests="1" file="C:\Users\THI2201879\OneDrive - Testhouse Limited\Documents\Workspace\js_api\api_bifrost\BiFrost\tests\postRequest.spec.js" time="0.4580" failures="0">
    <testcase name="Post API tests using supertest Verify the user is able to  pass the test for post api sucessfully" time="0.4580" classname="Verify the user is able to  pass the test for post api sucessfully">
    </testcase>
  </testsuite>
  <testsuite name="Put API tests using supertest" timestamp="2022-06-30T12:35:57" tests="1" file="C:\Users\THI2201879\OneDrive - Testhouse Limited\Documents\Workspace\js_api\api_bifrost\BiFrost\tests\putRequest.spec.js" time="0.4620" failures="0">
    <testcase name="Put API tests using supertest Verify the put request is sucessfully " time="0.4620" classname="Verify the put request is sucessfully ">
    </testcase>
  </testsuite>
  <testsuite name="Update Existing Issues" timestamp="2022-06-30T12:35:57" tests="1" file="C:\Users\THI2201879\OneDrive - Testhouse Limited\Documents\Workspace\js_api\api_bifrost\BiFrost\tests\XRayAPI.spec.js" time="0.0040" failures="1">
    <testcase name="Update Existing Issues Update XRay Test Execution Results" time="0.0020" classname="Update XRay Test Execution Results">
      <failure message="ENOENT: no such file or directory, open &apos;test-results.xml&apos;" type="Error"><![CDATA[Error: ENOENT: no such file or directory, open 'test-results.xml'
    at Object.openSync (node:fs:585:3)
    at Object.readFileSync (node:fs:453:35)
    at Context.<anonymous> (file:///C:/Users/THI2201879/OneDrive%20-%20Testhouse%20Limited/Documents/Workspace/js_api/api_bifrost/BiFrost/tests/XRayAPI.spec.js:15:34)
    at processImmediate (node:internal/timers:466:21)]]></failure>
    </testcase>
  </testsuite>
</testsuites>